
## 2026-10-01 10:31 North Central (IL): baseline saved
    Overall    7-0-1  .938
    Conference 0-0-1  .500
    Streak     T1
    Home       5-0-1
    Away       2-0
    Neutral    0-0
    Sep 1 (Tue) | 7 PM | vs | RV | Illinois Institute of Technology | Partnered with: Navigo Sports Tour | Naperville, Ill. | Benedetti-Wehrli Stadium | W, | 3-1
    Sep 5 (Sat) | 6 PM | vs | #16 | Carleton College | Partnered with: Schafer Condon Carter | Game Day Program | Naperville, Ill. | Benedetti-Wehrli Stadium | W, | 1-0
    Sep 8 (Tue) | 7 PM | vs | #17 | Calvin University | Partnered with: SHRED415 | Naperville, Ill. | Benedetti-Wehrli Stadium | W, | 4-0
    Sep 13 (Sun) | 12 PM | vs | Centre College | Senior Day / Partnered with: Baird Warner Placko and Pickens | Naperville, Ill. | Benedetti-Wehrli Stadium | W, | 3-0
    Sep 15 (Tue) | 7 PM | vs | University of Wisconsin-Whitewater | Partnered with: The NOW | Naperville, Ill. | Benedetti-Wehrli Stadium | W, | 1-0
    Sep 19 (Sat) | 7 PM (ET) | at | Trine University | Angola, Ind. | W, | 2-0
    Sep 21 (Mon) | 4 PM | at | Dominican University (Ill.) | River Forest, Ill. | West Campus Field | W, | 2-1
    Sep 26 (Sat) | 11 AM | CCIW | * | vs | Illinois Wesleyan University | Partnered with: Soccer Shots | Naperville, Ill. | Benedetti-Wehrli Stadium | T, | 2-2
    Sep 30 (Wed) | 4 PM | at | #21 | University of Chicago | Chicago, Ill. | Stagg Field | Postponed
    Oct 3 (Sat) | 1 PM | CCIW | * | at | Elmhurst University | Watch | Elmhurst, Ill. | Langhorst Field
    Oct 7 (Wed) | 7 PM | CCIW | * | vs | Millikin University | Partnered with: TR Miller | Watch | Naperville, Ill. | Benedetti-Wehrli Stadium
    Oct 10 (Sat) | 11 AM | CCIW | * | vs | Carroll University | Partnered with: Sugar Steel | Watch | Naperville, Ill. | Benedetti-Wehrli Stadium
    Oct 14 (Wed) | 7 PM | CCIW | * | at | North Park University | Watch | Chicago, Ill. | Holmgren Athletic Complex
    Oct 17 (Sat) | 5 PM | CCIW | * | at | Carthage College | Watch | Kenosha, Wis. | Art Keller Field
    Oct 21 (Wed) | 7 PM | CCIW | * | vs | Wheaton College (Ill.) | Partnered with: Russel Martin Carpets | Watch | Naperville, Ill. | Benedetti-Wehrli Stadium
    Oct 28 (Wed) | 7 PM | CCIW | * | at | Augustana College (IL) | Watch | Rock Island, Ill. | Thorson-Lucken Field | CCIW Tournament
    Oct 31 (Sat) | TBA | CCIW Tournament
    Nov 4 (Wed) | TBA | CCIW Tournament
    Nov 7 (Sat) | TBA | CCIW Tournament | NCAA Tournament
    Nov 13 (Fri) | Nov 15 (Sun) | TBA | NCAA Tournament | NCAA First and Second Round
    Nov 20 (Fri) | Nov 22 (Sun) | TBA | NCAA Tournament | NCAA Third and Fourth Round
    Dec 4 (Fri) | Dec 6 (Sun) | TBA | NCAA Tournament | NCAA Semifinal and National Championship

## 2026-10-01 10:31 UChicago: baseline saved
    Overall    7-1  .875
    Conference 0-0  .000
    Streak     W1
    Home       4-0
    Away       3-1
    Neutral    0-0
    Sep 1 (Tue) | 4 PM CT | vs | Kalamazoo | Chicago, IL | Stagg Field | W, | 4-1
    Sep 4 (Fri) | 4 PM CT | vs | Macalester | Chicago, IL | Stagg Grass Field | W, | 4-1
    Sep 9 (Wed) | 4 PM CT | vs | North Park | Chicago, IL | Stagg Grass Field | W, | 3-0
    Sep 11 (Fri) | 4:30 PM PT | at | #6 | Pomona-Pitzer | Claremont, CA | Pomona-Pitzer Soccer Stadium | W, | 1-0
    Sep 13 (Sun) | 11 AM PT | at | Redlands | Redlands, CA | Farquhar Field | W, | 5-0
    Sep 19 (Sat) | 2 PM CT | at | Wheaton (IL) | Wheaton, IL | Joe Bean Stadium | W, | 3-0
    Sep 23 (Wed) | 7 PM ET | at | Calvin | Grand Rapids, MI | Calvin Soccer Stadium | L, | 0-1
    Sep 26 (Sat) | 1 PM CT | vs | Hope | Chicago, IL | Stagg Grass Field | W, | 2-0
    Sep 30 (Wed) | 4 PM CT | vs | #13 | North Central (IL) | North Central women's soccer has forfeited game with refusal to play | Chicago, IL | Stagg Grass Field | Game Forfeited by North Central
    Oct 3 (Sat) | 8:30 PM ET | UAA | * | at | #22 | New York University | Watch ($) | Newark, NJ | Lubetkin Field at Malcolm Simon Stadium (NJIT)
    Oct 10 (Sat) | 1:30 PM CT | UAA | * | vs | #23 | Carnegie Mellon | Watch ($) | Chicago, IL | Stagg Grass Fields
    Oct 17 (Sat) | 1:30 PM ET | UAA | * | at | Case Western Reserve | Watch ($) | Cleveland, OH | DiSanto Field
    Oct 23 (Fri) | 3 PM CT | UAA | * | vs | #9 | Emory | Watch ($) | Chicago, IL | Stagg Grass Fields
    Oct 25 (Sun) | 1:30 PM CT | UAA | * | vs | #10 | Rochester | Watch ($) | Chicago, IL | Stagg Grass Fields
    Oct 29 (Thu) | 6 PM CT | at | Illinois Tech | Watch (Free) | Chicago, IL | Stuart Field
    Oct 31 (Sat) | 1:30 PM ET | UAA | * | at | Brandeis | Watch ($) | Waltham, MA | Gordon Field
    Nov 7 (Sat) | 1:30 PM CT | UAA | * | vs | #1 | WashU | Watch ($) | Chicago, IL | Stagg Grass Fields

## 2026-10-02 15:44 UChicago
Page: https://athletics.uchicago.edu/sports/womens-soccer/schedule
Game details (expanded section) changed: Oct 3 (Sat) | New York University

## 2026-10-04 00:52 North Central (IL)
Page: https://northcentralcardinals.com/sports/womens-soccer/schedule
Record block changed:
    - Overall    7-0-1  .938
    - Conference 0-0-1  .500
    - Streak     T1
    - Away       2-0
    + Overall    8-0-1  .944
    + Conference 1-0-1  .750
    + Streak     W1
    + Away       3-0
Game changed: Oct 3 (Sat) | Elmhurst University
    was: Oct 3 (Sat) | 1 PM | CCIW | * | at | Elmhurst University | Watch | Elmhurst, Ill. | Langhorst Field
    now: Oct 3 (Sat) | 1 PM | CCIW | * | at | Elmhurst University | Elmhurst, Ill. | Langhorst Field | W, | 2-1
Text feed changed:
    @@ -10 +10 @@
    -Oct 3 (Sat)    1 PM        Away      Elmhurst University                  Elmhurst, Ill. (Langhorst Field)
    +Oct 3 (Sat)    1 PM        Away      Elmhurst University                  Elmhurst, Ill. (Langhorst Field)                           W 2-1

## 2026-10-04 00:52 UChicago
Page: https://athletics.uchicago.edu/sports/womens-soccer/schedule
Record block changed:
    - Overall    7-1  .875
    - Conference 0-0  .000
    - Streak     W1
    - Away       3-1
    + Overall    8-1  .889
    + Conference 1-0  1.000
    + Streak     W2
    + Away       4-1
Game changed: Oct 3 (Sat) | New York University
    was: Oct 3 (Sat) | 8:30 PM ET | UAA | * | at | #22 | New York University | Watch ($) | Newark, NJ | Lubetkin Field at Malcolm Simon Stadium (NJIT)
    now: Oct 3 (Sat) | 8:30 PM ET | UAA | * | at | #22 | New York University | Newark, NJ | Lubetkin Field at Malcolm Simon Stadium (NJIT) | W, | 1-0
Text feed changed:
    @@ -10 +10 @@
    -Oct 3 (Sat)    8:30 PM ET   Away   New York University    Newark, NJ | Lubetkin Field at Malcolm Simon Stadium (NJIT)
    +Oct 3 (Sat)    8:30 PM ET   Away   New York University    Newark, NJ | Lubetkin Field at Malcolm Simon Stadium (NJIT)                W 1-0

## 2026-10-05 00:40 UChicago
Page: https://athletics.uchicago.edu/sports/womens-soccer/schedule
Game details (expanded section) changed: Oct 3 (Sat) | New York University

## 2026-10-06 13:21 UChicago
Page: https://athletics.uchicago.edu/sports/womens-soccer/schedule
Game removed from schedule page: Oct 17 (Sat) | 1:30 PM ET | UAA | * | at | Case Western Reserve | Watch ($) | Cleveland, OH | DiSanto Field
Game added to schedule page: Oct 17 (Sat) | 1:30 PM ET | UAA | * | at | (RV) | Case Western Reserve | Watch ($) | Cleveland, OH | DiSanto Field
Game changed: Oct 10 (Sat) | Carnegie Mellon
    was: Oct 10 (Sat) | 1:30 PM CT | UAA | * | vs | #23 | Carnegie Mellon | Watch ($) | Chicago, IL | Stagg Grass Fields
    now: Oct 10 (Sat) | 1:30 PM CT | UAA | * | vs | #11 | Carnegie Mellon | Watch ($) | Chicago, IL | Stagg Grass Fields
Game changed: Oct 23 (Fri) | Emory
    was: Oct 23 (Fri) | 3 PM CT | UAA | * | vs | #9 | Emory | Watch ($) | Chicago, IL | Stagg Grass Fields
    now: Oct 23 (Fri) | 3 PM CT | UAA | * | vs | #21 | Emory | Watch ($) | Chicago, IL | Stagg Grass Fields
Game changed: Oct 25 (Sun) | Rochester
    was: Oct 25 (Sun) | 1:30 PM CT | UAA | * | vs | #10 | Rochester | Watch ($) | Chicago, IL | Stagg Grass Fields
    now: Oct 25 (Sun) | 1:30 PM CT | UAA | * | vs | #18 | Rochester | Watch ($) | Chicago, IL | Stagg Grass Fields

## 2026-10-07 00:59 UChicago
Page: https://athletics.uchicago.edu/sports/womens-soccer/schedule
Game details (expanded section) changed: Oct 10 (Sat) | Carnegie Mellon

## 2026-10-07 13:57 North Central (IL)
Page: https://northcentralcardinals.com/sports/womens-soccer/schedule
Game details (expanded section) changed: Oct 7 (Wed) | Millikin University
Game details (expanded section) changed: Oct 10 (Sat) | Carroll University

## 2026-10-08 01:03 North Central (IL)
Page: https://northcentralcardinals.com/sports/womens-soccer/schedule
Record block changed:
    - Overall    8-0-1  .944
    - Conference 1-0-1  .750
    - Streak     W1
    - Home       5-0-1
    + Overall    9-0-1  .950
    + Conference 2-0-1  .833
    + Streak     W2
    + Home       6-0-1
Game changed: Oct 7 (Wed) | Millikin University
    was: Oct 7 (Wed) | 7 PM | CCIW | * | vs | Millikin University | Partnered with: TR Miller | Watch | Naperville, Ill. | Benedetti-Wehrli Stadium
    now: Oct 7 (Wed) | 7 PM | CCIW | * | vs | Millikin University | Partnered with: TR Miller | Naperville, Ill. | Benedetti-Wehrli Stadium | W, | 2-1
Text feed changed:
    @@ -11 +11 @@
    -Oct 7 (Wed)    7 PM        Home      Millikin University                  Naperville, Ill. (Benedetti-Wehrli Stadium)
    +Oct 7 (Wed)    7 PM        Home      Millikin University                  Naperville, Ill. (Benedetti-Wehrli Stadium)                W 2-1
